// Jest Snapshot v1, https://goo.gl/fbAQLP

exports[`AlgorithmView renders correctly 1`] = `
<div
  mockName="Stretch"
  mockProps={Object {}}
>
  <section
    className="section undefined"
  >
    <div
      mockName="AlgorithmInner"
      mockProps={
        Object {
          "app": Object {
            "theme": "asdfd",
          },
          "theme": "asdfd",
          "visualCache": [Function],
        }
      }
    />
  </section>
  <footer
    className="footer undefined"
  >
    <div
      mockName="AnimationControls"
      mockProps={
        Object {
          "app": Object {
            "theme": "asdfd",
          },
          "input": undefined,
          "theme": "asdfd",
        }
      }
    />
  </footer>
</div>
`;
