// Jest Snapshot v1, https://goo.gl/fbAQLP

exports[`InformationDemandingButton renders correctly with minimum props 1`] = `
<div
  style={
    Object {
      "alignItems": "center",
      "display": "inline-flex",
    }
  }
>
  <div
    className="group-container undefined"
    style={
      Object {
        "bottom": "0px",
      }
    }
  >
    <div
      className="wrapper undefined"
    />
  </div>
  <div
    mockName="FlatButton"
    mockProps={
      Object {
        "disabled": false,
        "icon": <span>
          Passive
      </span>,
        "onTouchTap": [Function],
        "secondary": false,
      }
    }
  />
</div>
`;
