// Jest Snapshot v1, https://goo.gl/fbAQLP

exports[`InformationDemandingButton renders correctly when demandCondition 1`] = `
<div
  style={
    Object {
      "alignItems": "center",
      "display": "inline-flex",
    }
  }
>
  <div
    className="group-container undefined"
    style={
      Object {
        "bottom": "1884px",
      }
    }
  >
    <div
      className="wrapper undefined"
    >
      <div
        className="
      									fields-container sdfggfdgsdfl
      									false
      									false
      								"
        style={Object {}}
      >
        <div
          mockName="TextField"
          mockProps={
            Object {
              "errorText": "",
              "floatingLabelText": "this is text",
              "onChange": [Function],
              "style": Object {
                "marginTop": "-14px",
                "width": "125px",
              },
              "value": "ssdfd",
            }
          }
        />
      </div>
    </div>
  </div>
  <div
    mockName="FlatButton"
    mockProps={
      Object {
        "disabled": false,
        "icon": <span>
          Passive
      </span>,
        "onTouchTap": [Function],
        "secondary": false,
      }
    }
  />
</div>
`;
